/Users/danielgagliardi/Documents/GitHub/Latent-Diffusion-Geometry/train.py:150: UserWarning: FigureCanvasAgg is non-interactive, and thus cannot be shown
  plt.show()
Dataset: 2000 images, 16384 pixels each. Device: cpu
epoch   1  rec=0.14114  reg=0.15450  total=0.15659
epoch   2  rec=0.04002  reg=0.00653  total=0.04067
epoch   3  rec=0.03566  reg=0.00070  total=0.03573
epoch   4  rec=0.03385  reg=0.00026  total=0.03387
epoch   5  rec=0.03358  reg=0.00006  total=0.03358
epoch   6  rec=0.03350  reg=0.00001  total=0.03350
epoch   7  rec=0.03343  reg=0.00000  total=0.03343
epoch   8  rec=0.03342  reg=0.00000  total=0.03342
epoch   9  rec=0.03343  reg=0.00000  total=0.03343
epoch  10  rec=0.03340  reg=0.00000  total=0.03340
epoch  11  rec=0.03339  reg=0.00000  total=0.03339
epoch  12  rec=0.03334  reg=0.00000  total=0.03334
epoch  13  rec=0.03325  reg=0.00001  total=0.03325
epoch  14  rec=0.03277  reg=0.00013  total=0.03279
epoch  15  rec=0.03039  reg=0.00089  total=0.03048
epoch  16  rec=0.02492  reg=0.00132  total=0.02505
epoch  17  rec=0.02229  reg=0.00032  total=0.02232
epoch  18  rec=0.02134  reg=0.00021  total=0.02137
epoch  19  rec=0.02033  reg=0.00026  total=0.02036
epoch  20  rec=0.01891  reg=0.00045  total=0.01895
epoch  21  rec=0.01762  reg=0.00081  total=0.01770
epoch  22  rec=0.01667  reg=0.00247  total=0.01692
epoch  23  rec=0.01488  reg=0.00336  total=0.01521
epoch  24  rec=0.01247  reg=0.00480  total=0.01295
epoch  25  rec=0.00989  reg=0.00567  total=0.01046
epoch  26  rec=0.00803  reg=0.00722  total=0.00875
epoch  27  rec=0.00607  reg=0.00603  total=0.00667
epoch  28  rec=0.00498  reg=0.00571  total=0.00555
epoch  29  rec=0.00475  reg=0.00577  total=0.00532
epoch  30  rec=0.00373  reg=0.00462  total=0.00419
epoch  31  rec=0.00310  reg=0.00472  total=0.00357
epoch  32  rec=0.00290  reg=0.00354  total=0.00325
epoch  33  rec=0.00298  reg=0.00419  total=0.00340
epoch  34  rec=0.00272  reg=0.00372  total=0.00309
epoch  35  rec=0.00274  reg=0.00459  total=0.00320
epoch  36  rec=0.00254  reg=0.00219  total=0.00275
epoch  37  rec=0.00236  reg=0.00300  total=0.00266
epoch  38  rec=0.00231  reg=0.00186  total=0.00250
epoch  39  rec=0.00220  reg=0.00121  total=0.00232
epoch  40  rec=0.00233  reg=0.00317  total=0.00265
epoch  41  rec=0.00282  reg=0.00386  total=0.00321
epoch  42  rec=0.00229  reg=0.00340  total=0.00263
epoch  43  rec=0.00216  reg=0.00191  total=0.00235
epoch  44  rec=0.00209  reg=0.00136  total=0.00223
epoch  45  rec=0.00207  reg=0.00136  total=0.00220
epoch  46  rec=0.00217  reg=0.00238  total=0.00241
epoch  47  rec=0.00220  reg=0.00218  total=0.00241
epoch  48  rec=0.00207  reg=0.00230  total=0.00230
epoch  49  rec=0.00220  reg=0.00259  total=0.00246
epoch  50  rec=0.00224  reg=0.00319  total=0.00256
epoch  51  rec=0.00217  reg=0.00268  total=0.00244
epoch  52  rec=0.00221  reg=0.00326  total=0.00254
epoch  53  rec=0.00196  reg=0.00135  total=0.00209
epoch  54  rec=0.00200  reg=0.00247  total=0.00225
epoch  55  rec=0.00190  reg=0.00145  total=0.00205
epoch  56  rec=0.00193  reg=0.00089  total=0.00202
epoch  57  rec=0.00210  reg=0.00230  total=0.00233
epoch  58  rec=0.00212  reg=0.00152  total=0.00227
epoch  59  rec=0.00199  reg=0.00137  total=0.00213
epoch  60  rec=0.00193  reg=0.00094  total=0.00203
epoch  61  rec=0.00203  reg=0.00101  total=0.00213
epoch  62  rec=0.00192  reg=0.00209  total=0.00213
epoch  63  rec=0.00189  reg=0.00065  total=0.00196
epoch  64  rec=0.00199  reg=0.00135  total=0.00212
epoch  65  rec=0.00184  reg=0.00091  total=0.00193
epoch  66  rec=0.00176  reg=0.00046  total=0.00181
epoch  67  rec=0.00171  reg=0.00043  total=0.00175
epoch  68  rec=0.00168  reg=0.00082  total=0.00176
epoch  69  rec=0.00167  reg=0.00063  total=0.00173
epoch  70  rec=0.00163  reg=0.00016  total=0.00164
epoch  71  rec=0.00161  reg=0.00066  total=0.00168
epoch  72  rec=0.00160  reg=0.00104  total=0.00170
epoch  73  rec=0.00165  reg=0.00162  total=0.00181
epoch  74  rec=0.00163  reg=0.00092  total=0.00172
epoch  75  rec=0.00159  reg=0.00097  total=0.00168
epoch  76  rec=0.00164  reg=0.00062  total=0.00170
epoch  77  rec=0.00165  reg=0.00097  total=0.00174
epoch  78  rec=0.00169  reg=0.00097  total=0.00179
epoch  79  rec=0.00166  reg=0.00183  total=0.00184
epoch  80  rec=0.00175  reg=0.00213  total=0.00197
epoch  81  rec=0.00181  reg=0.00153  total=0.00196
epoch  82  rec=0.00169  reg=0.00103  total=0.00179
epoch  83  rec=0.00156  reg=0.00112  total=0.00168
epoch  84  rec=0.00156  reg=0.00114  total=0.00167
epoch  85  rec=0.00150  reg=0.00072  total=0.00157
epoch  86  rec=0.00148  reg=0.00064  total=0.00154
epoch  87  rec=0.00144  reg=0.00086  total=0.00153
epoch  88  rec=0.00138  reg=0.00035  total=0.00142
epoch  89  rec=0.00139  reg=0.00052  total=0.00145
epoch  90  rec=0.00141  reg=0.00056  total=0.00147
epoch  91  rec=0.00141  reg=0.00042  total=0.00145
epoch  92  rec=0.00142  reg=0.00067  total=0.00148
epoch  93  rec=0.00144  reg=0.00110  total=0.00155
epoch  94  rec=0.00137  reg=0.00109  total=0.00148
epoch  95  rec=0.00137  reg=0.00055  total=0.00142
epoch  96  rec=0.00136  reg=0.00072  total=0.00143
epoch  97  rec=0.00138  reg=0.00117  total=0.00150
epoch  98  rec=0.00144  reg=0.00251  total=0.00169
epoch  99  rec=0.00142  reg=0.00126  total=0.00155
epoch 100  rec=0.00168  reg=0.00326  total=0.00200
epoch 101  rec=0.00153  reg=0.00181  total=0.00171
epoch 102  rec=0.00143  reg=0.00186  total=0.00161
epoch 103  rec=0.00149  reg=0.00181  total=0.00167
epoch 104  rec=0.00160  reg=0.00148  total=0.00175
epoch 105  rec=0.00144  reg=0.00084  total=0.00153
epoch 106  rec=0.00140  reg=0.00148  total=0.00155
epoch 107  rec=0.00140  reg=0.00126  total=0.00152
epoch 108  rec=0.00140  reg=0.00162  total=0.00156
epoch 109  rec=0.00132  reg=0.00178  total=0.00149
epoch 110  rec=0.00141  reg=0.00115  total=0.00153
epoch 111  rec=0.00205  reg=0.00226  total=0.00228
epoch 112  rec=0.00180  reg=0.00275  total=0.00207
epoch 113  rec=0.00142  reg=0.00160  total=0.00158
epoch 114  rec=0.00127  reg=0.00117  total=0.00138
epoch 115  rec=0.00133  reg=0.00199  total=0.00153
epoch 116  rec=0.00145  reg=0.00151  total=0.00160
epoch 117  rec=0.00151  reg=0.00121  total=0.00163
epoch 118  rec=0.00169  reg=0.00188  total=0.00188
epoch 119  rec=0.00160  reg=0.00129  total=0.00173
epoch 120  rec=0.00159  reg=0.00087  total=0.00168
epoch 121  rec=0.00141  reg=0.00034  total=0.00144
epoch 122  rec=0.00141  reg=0.00114  total=0.00152
epoch 123  rec=0.00108  reg=0.00080  total=0.00116
epoch 124  rec=0.00087  reg=0.00043  total=0.00092
epoch 125  rec=0.00078  reg=0.00193  total=0.00097
epoch 126  rec=0.00060  reg=0.00047  total=0.00065
epoch 127  rec=0.00059  reg=0.00152  total=0.00074
epoch 128  rec=0.00067  reg=0.00184  total=0.00085
epoch 129  rec=0.00073  reg=0.00254  total=0.00098
epoch 130  rec=0.00059  reg=0.00067  total=0.00066
epoch 131  rec=0.00053  reg=0.00056  total=0.00058
epoch 132  rec=0.00051  reg=0.00067  total=0.00058
epoch 133  rec=0.00052  reg=0.00072  total=0.00059
epoch 134  rec=0.00057  reg=0.00044  total=0.00061
epoch 135  rec=0.00095  reg=0.00495  total=0.00144
epoch 136  rec=0.00129  reg=0.00571  total=0.00186
epoch 137  rec=0.00080  reg=0.00189  total=0.00099
epoch 138  rec=0.00156  reg=0.00767  total=0.00233
epoch 139  rec=0.00221  reg=0.01204  total=0.00341
epoch 140  rec=0.00123  reg=0.00473  total=0.00170
epoch 141  rec=0.00086  reg=0.00220  total=0.00107
epoch 142  rec=0.00076  reg=0.00191  total=0.00095
epoch 143  rec=0.00068  reg=0.00221  total=0.00090
epoch 144  rec=0.00077  reg=0.00307  total=0.00108
epoch 145  rec=0.00075  reg=0.00262  total=0.00101
epoch 146  rec=0.00075  reg=0.00419  total=0.00117
epoch 147  rec=0.00128  reg=0.00696  total=0.00197
epoch 148  rec=0.00250  reg=0.00900  total=0.00340
epoch 149  rec=0.00138  reg=0.00360  total=0.00174
epoch 150  rec=0.00074  reg=0.00214  total=0.00095
epoch 151  rec=0.00096  reg=0.00358  total=0.00132
epoch 152  rec=0.00187  reg=0.00341  total=0.00221
epoch 153  rec=0.00144  reg=0.00492  total=0.00193
epoch 154  rec=0.00117  reg=0.00274  total=0.00145
epoch 155  rec=0.00099  reg=0.00239  total=0.00123
epoch 156  rec=0.00183  reg=0.00283  total=0.00211
epoch 157  rec=0.00329  reg=0.00646  total=0.00393
epoch 158  rec=0.00246  reg=0.00465  total=0.00293
epoch 159  rec=0.00151  reg=0.00241  total=0.00175
epoch 160  rec=0.00082  reg=0.00239  total=0.00106/Users/danielgagliardi/Documents/GitHub/Latent-Diffusion-Geometry/train.py:228: UserWarning: FigureCanvasAgg is non-interactive, and thus cannot be shown
  plt.show()

epoch 161  rec=0.00084  reg=0.00171  total=0.00101
epoch 162  rec=0.00063  reg=0.00178  total=0.00081
epoch 163  rec=0.00052  reg=0.00220  total=0.00074
epoch 164  rec=0.00055  reg=0.00195  total=0.00075
epoch 165  rec=0.00140  reg=0.00362  total=0.00176
epoch 166  rec=0.00080  reg=0.00187  total=0.00099
epoch 167  rec=0.00057  reg=0.00122  total=0.00069
epoch 168  rec=0.00055  reg=0.00111  total=0.00066
epoch 169  rec=0.00040  reg=0.00129  total=0.00053
epoch 170  rec=0.00044  reg=0.00165  total=0.00061
epoch 171  rec=0.00049  reg=0.00098  total=0.00059
epoch 172  rec=0.00085  reg=0.00222  total=0.00107
epoch 173  rec=0.00068  reg=0.00163  total=0.00084
epoch 174  rec=0.00077  reg=0.00157  total=0.00093
epoch 175  rec=0.00108  reg=0.00221  total=0.00130
epoch 176  rec=0.00088  reg=0.00158  total=0.00103
epoch 177  rec=0.00124  reg=0.00143  total=0.00138
epoch 178  rec=0.00198  reg=0.00342  total=0.00232
epoch 179  rec=0.00253  reg=0.00543  total=0.00307
epoch 180  rec=0.00139  reg=0.00274  total=0.00166
epoch 181  rec=0.00076  reg=0.00200  total=0.00096
epoch 182  rec=0.00064  reg=0.00148  total=0.00079
epoch 183  rec=0.00078  reg=0.00193  total=0.00097
epoch 184  rec=0.00101  reg=0.00171  total=0.00118
epoch 185  rec=0.00102  reg=0.00159  total=0.00118
epoch 186  rec=0.00094  reg=0.00104  total=0.00105
epoch 187  rec=0.00070  reg=0.00166  total=0.00086
epoch 188  rec=0.00052  reg=0.00112  total=0.00064
epoch 189  rec=0.00045  reg=0.00153  total=0.00060
epoch 190  rec=0.00038  reg=0.00096  total=0.00048
epoch 191  rec=0.00033  reg=0.00027  total=0.00036
epoch 192  rec=0.00035  reg=0.00068  total=0.00042
epoch 193  rec=0.00051  reg=0.00151  total=0.00066
epoch 194  rec=0.00194  reg=0.00420  total=0.00236
epoch 195  rec=0.00063  reg=0.00124  total=0.00075
epoch 196  rec=0.00040  reg=0.00055  total=0.00046
epoch 197  rec=0.00032  reg=0.00032  total=0.00035
epoch 198  rec=0.00037  reg=0.00169  total=0.00053
epoch 199  rec=0.00035  reg=0.00195  total=0.00054
epoch 200  rec=0.00037  reg=0.00167  total=0.00054
Done. Final curve saved to plots/final_latent_curve.png
